Proof summary for theory hp_expr

	dd_deriv_domain.................................................✅ proved              (1.374 s)
	dd_noe..........................................................✅ proved              (4.213 s)
	dd_con..........................................................✅ proved              (4.467 s)
	dd_ne...........................................................✅ proved              (4.229 s)
	dd_ci...........................................................✅ proved              (4.35 s)
	fresh_assign_nth................................................✅ proved              (4.992 s)
	fresh_mapexpr_inj...............................................✅ proved              (4.762 s)
	fresh_mapexp_nth_2..............................................✅ proved              (4.816 s)
	IMP_table_of_integrals_TCC1.....................................✅ proved              (3.723 s)
	IMP_table_of_integrals_TCC2.....................................✅ proved              (4.031 s)
	size_TCC1.......................................................✅ proved              (4.005 s)
	size_TCC2.......................................................✅ proved              (3.995 s)
	size_TCC3.......................................................✅ proved              (4.012 s)
	size_TCC4.......................................................✅ proved              (3.962 s)
	size_TCC5.......................................................✅ proved              (4.001 s)
	dd?_TCC1........................................................✅ proved              (4.012 s)
	dd_ci_TCC1......................................................✅ proved              (4.027 s)
	derivable_odes?_TCC1............................................✅ proved              (3.954 s)
	derivable_odes?_TCC2............................................✅ proved              (4.061 s)
	env_at_t_TCC1...................................................✅ proved              (4.14 s)
	env_at_t_TCC2...................................................✅ proved              (6.219 s)
	sol_at_t?_TCC1..................................................✅ proved              (4.61 s)
	semantic_rel_TCC1...............................................✅ proved              (3.94 s)
	semantic_rel_TCC2...............................................✅ proved              (4.056 s)
	semantic_rel_TCC3...............................................✅ proved              (3.956 s)
	semantic_rel_TCC4...............................................✅ proved              (4.081 s)
	fresh_li?_TCC1..................................................✅ proved              (3.941 s)
	fresh_li?_TCC2..................................................✅ proved              (4.014 s)
	fresh_hp?_TCC1..................................................✅ proved              (4.061 s)
	fresh_hp?_TCC2..................................................✅ proved              (3.999 s)
	fresh_hp?_TCC3..................................................✅ proved              (3.866 s)
	fresh_hp?_TCC4..................................................✅ proved              (4.046 s)

Theory hp_expr totals: 32 formulas, 32 attempted, 32 succeeded (131.915 s)